../Core/Src/main.c:95:5:main	24	static
../Core/Src/main.c:154:8:WRITE_EEPROM_PROGRAM_DATA	48	static
../Core/Src/main.c:180:8:READ_EEPROM_PROGRAM_DATA	56	static
../Core/Src/main.c:210:8:LCD_DATA	16	static
../Core/Src/main.c:219:8:LCD_CMD	16	static
../Core/Src/main.c:227:8:LCD_ON	24	static
../Core/Src/main.c:251:8:LCD_CLEAR	32	static
../Core/Src/main.c:276:8:LCD_SEND_PICTURE	48	static
../Core/Src/main.c:315:8:LCD_SEND_DIGIT	48	static
../Core/Src/main.c:345:8:LCD_SEND_TEXT	48	static
../Core/Src/main.c:376:8:send_time_data	64	static
../Core/Src/main.c:441:10:ENCODER_ROTATION_DIRECTION	24	static
../Core/Src/main.c:458:8:SET_HOUR_DATE	136	static
../Core/Src/main.c:875:8:SET_RELAY_PROGRAM	32	static
../Core/Src/main.c:1148:8:SET_LCD	32	static
../Core/Src/main.c:1285:8:relay_control_program	64	static
../Core/Src/main.c:1495:6:SystemClock_Config	96	static
../Core/Src/main.c:1547:13:MX_I2C1_Init	8	static
../Core/Src/main.c:1595:13:MX_RTC_Init	32	static
../Core/Src/main.c:1658:13:MX_SPI1_Init	8	static
../Core/Src/main.c:1698:13:MX_TIM1_Init	64	static
../Core/Src/main.c:1748:13:MX_GPIO_Init	56	static
../Core/Src/main.c:1804:6:Error_Handler	8	static,ignoring_inline_asm
